\BOOKMARK [1][-]{section.1}{\376\377\0001\000\040\173\054\0001\172\340\170\024\172\166\200\314\146\157\116\016\133\236\232\214\166\356\166\204}{}% 1
\BOOKMARK [2][-]{subsection.1.1}{\376\377\0001\000.\0001\000\040\202\317\147\050\166\204\116\055\203\157\133\146\127\372\123\237\116\016\220\123\127\060\140\047\211\304\203\003}{section.1}% 2
\BOOKMARK [3][-]{subsubsection.1.1.1}{\376\377\0001\000.\0001\000.\0001\000\040\060\012\116\055\126\375\203\157\121\170\060\013\0002\0000\0002\0005\162\110\145\066\137\125\150\007\121\306}{subsection.1.1}% 3
\BOOKMARK [3][-]{subsubsection.1.1.2}{\376\377\0001\000.\0001\000.\0002\000\040\220\123\127\060\140\047\116\016\116\247\127\060\211\304\203\003}{subsection.1.1}% 4
\BOOKMARK [2][-]{subsection.1.2}{\376\377\0001\000.\0002\000\040\202\317\147\050\166\204\163\260\116\343\142\227\200\277\166\044\203\157\164\006\170\024\172\166\217\333\134\125}{section.1}% 5
\BOOKMARK [3][-]{subsubsection.1.2.1}{\376\377\0001\000.\0002\000.\0001\000\040\150\070\137\303\155\073\140\047\142\020\122\006\151\202\217\360}{subsection.1.2}% 6
\BOOKMARK [3][-]{subsubsection.1.2.2}{\376\377\0001\000.\0002\000.\0002\000\040\202\317\147\050\127\050\237\073\124\275\166\114\170\024\172\166\230\206\127\337\166\204\217\333\134\125}{subsection.1.2}% 7
\BOOKMARK [2][-]{subsection.1.3}{\376\377\0001\000.\0003\000\040\213\376\230\230\176\304\122\115\147\037\170\024\172\166\127\372\170\100\116\016\230\204\133\236\232\214\145\160\143\156}{section.1}% 8
\BOOKMARK [2][-]{subsection.1.4}{\376\377\0001\000.\0004\000\040\147\054\153\041\133\236\232\214\166\204\172\313\230\171\117\235\143\156\116\016\116\011\131\047\150\070\137\303\166\356\150\007}{section.1}% 9
\BOOKMARK [3][-]{subsubsection.1.4.1}{\376\377\0001\000.\0004\000.\0001\000\040\172\313\230\171\117\235\143\156}{subsection.1.4}% 10
\BOOKMARK [3][-]{subsubsection.1.4.2}{\376\377\0001\000.\0004\000.\0002\000\040\116\011\131\047\150\070\137\303\166\356\150\007}{subsection.1.4}% 11
\BOOKMARK [1][-]{section.2}{\376\377\0002\000\040\173\054\0002\172\340\133\236\232\214\121\306\131\007\116\016\200\027\147\120\156\005\123\125}{}% 12
\BOOKMARK [2][-]{subsection.2.1}{\376\377\0002\000.\0001\000\040\176\306\200\336\174\373\116\016\127\371\121\173\117\123\174\373\122\032\140\047\211\304\203\003}{section.2}% 13
\BOOKMARK [3][-]{subsubsection.2.1.1}{\376\377\0002\000.\0001\000.\0001\000\040\000C\000N\000E\000-\0002\176\306\200\336\174\373\215\050\143\247\211\201\154\102}{subsection.2.1}% 14
\BOOKMARK [3][-]{subsubsection.2.1.2}{\376\377\0002\000.\0001\000.\0002\000\040\133\214\121\150\127\371\121\173\127\372\150\007\121\306\123\026\221\115\145\271}{subsection.2.1}% 15
\BOOKMARK [3][-]{subsubsection.2.1.3}{\376\377\0002\000.\0001\000.\0003\000\040\176\306\200\336\127\371\121\173\163\257\130\203\122\032\140\047\211\201\154\102}{subsection.2.1}% 16
\BOOKMARK [2][-]{subsection.2.2}{\376\377\0002\000.\0002\000\040\150\070\137\303\213\325\122\102\122\032\140\047\211\304\203\003}{section.2}% 17
\BOOKMARK [3][-]{subsubsection.2.2.1}{\376\377\0002\000.\0002\000.\0001\000\040\202\317\147\050\150\067\124\301\211\304\203\003}{subsection.2.2}% 18
\BOOKMARK [3][-]{subsubsection.2.2.2}{\376\377\0002\000.\0002\000.\0002\000\040\000D\000M\000S\000O\176\310\155\123\136\246\122\032\140\047\143\247\122\066}{subsection.2.2}% 19
\BOOKMARK [3][-]{subsubsection.2.2.3}{\376\377\0002\000.\0002\000.\0003\000\040\000C\000C\000K\000-\0008\213\325\122\102\166\322\211\304\203\003}{subsection.2.2}% 20
\BOOKMARK [2][-]{subsection.2.3}{\376\377\0002\000.\0003\000\040\116\352\126\150\213\276\131\007\156\005\123\125}{section.2}% 21
\BOOKMARK [2][-]{subsection.2.4}{\376\377\0002\000.\0004\000\040\145\340\203\314\200\027\147\120\156\005\123\125}{section.2}% 22
\BOOKMARK [2][-]{subsection.2.5}{\376\377\0002\000.\0005\000\040\133\236\232\214\122\115\121\306\131\007\135\345\117\134\122\032\140\047\156\005\123\125}{section.2}% 23
\BOOKMARK [1][-]{section.3}{\376\377\0003\000\040\173\054\0003\172\340\133\236\232\214\144\315\117\134\153\145\232\244\377\010\000T\000i\000m\000e\000l\000i\000n\000e\150\074\137\017\377\011}{}% 24
\BOOKMARK [2][-]{subsection.3.1}{\376\377\0003\000.\0001\000\040\000D\000a\000y\000\040\0001\377\032\176\306\200\336\224\372\147\177\377\010\150\070\137\303\226\062\143\247\217\271\177\030\145\110\136\224\377\011}{section.3}% 25
\BOOKMARK [3][-]{subsubsection.3.1.1}{\376\377\0003\000.\0001\000.\0001\000\040\123\360\166\374\204\335\155\073\163\207\150\300\155\113\000S\000O\000P\377\010\144\315\117\134\145\366\225\364\176\246\0001\0005\122\006\224\237\377\011}{subsection.3.1}% 26
\BOOKMARK [3][-]{subsubsection.3.1.2}{\376\377\0003\000.\0001\000.\0002\000\040\0009\0006\133\124\147\177\000P\000B\000S\134\001\217\271\144\315\117\134\377\010\144\315\117\134\145\366\225\364\176\246\0001\0000\122\006\224\237\377\011}{subsection.3.1}% 27
\BOOKMARK [3][-]{subsubsection.3.1.3}{\376\377\0003\000.\0001\000.\0003\000\040\176\306\200\336\224\372\147\177\153\145\232\244\377\010\144\315\117\134\145\366\225\364\176\246\0002\0000\122\006\224\237\377\011}{subsection.3.1}% 28
\BOOKMARK [2][-]{subsection.3.2}{\376\377\0003\000.\0002\000\040\000D\000a\000y\000\040\0002\377\032\203\157\162\151\221\115\122\066\116\016\176\331\203\157\136\162\230\204}{section.3}% 29
\BOOKMARK [3][-]{subsubsection.3.2.1}{\376\377\0003\000.\0002\000.\0001\000\040\203\157\162\151\135\345\117\134\155\262\221\115\122\066}{subsection.3.2}% 30
\BOOKMARK [3][-]{subsubsection.3.2.2}{\376\377\0003\000.\0002\000.\0002\000\040\176\331\203\157\153\145\232\244}{subsection.3.2}% 31
\BOOKMARK [2][-]{subsection.3.3}{\376\377\0003\000.\0003\000\040\000D\000a\000y\000\040\0003\377\010\0002\0004\000h\150\300\155\113\377\011\060\001\000D\000a\000y\000\040\0004\377\010\0004\0008\000h\150\300\155\113\377\011\060\001\000D\000a\000y\000\040\0005\377\010\0007\0002\000h\150\300\155\113\377\011\377\032\000C\000C\000K\000-\0008\150\300\155\113}{section.3}% 32
\BOOKMARK [3][-]{subsubsection.3.3.1}{\376\377\0003\000.\0003\000.\0001\000\040\000C\000C\000K\000-\0008\150\300\155\113\000S\000O\000P\377\010\153\317\116\052\145\366\225\364\160\271\144\315\117\134\153\145\232\244\166\370\124\014\377\011}{subsection.3.3}% 33
\BOOKMARK [1][-]{section.4}{\376\377\0004\000\040\173\054\0004\172\340\145\160\143\156\122\006\147\220\116\016\000I\000C\0005\0000\213\241\173\227\377\010\000G\000r\000a\000p\000h\000P\000a\000d\000\040\000P\000r\000i\000s\000m\000\040\0009\000.\0000\121\150\155\101\172\013\145\131\172\013\377\011}{}% 34
\BOOKMARK [2][-]{subsection.4.1}{\376\377\0004\000.\0001\000\040\145\160\143\156\230\204\131\004\164\006\122\032\140\047\211\304\203\003}{section.4}% 35
\BOOKMARK [3][-]{subsubsection.4.1.1}{\376\377\0004\000.\0001\000.\0001\000\040\000O\000D\120\074\232\214\145\066\116\016\200\314\146\157\142\143\226\144}{subsection.4.1}% 36
\BOOKMARK [3][-]{subsubsection.4.1.2}{\376\377\0004\000.\0001\000.\0002\000\040\000G\000r\000u\000b\000b\000s\150\300\232\214\122\124\226\144\171\273\177\244\120\074}{subsection.4.1}% 37
\BOOKMARK [2][-]{subsection.4.2}{\376\377\0004\000.\0002\000\040\176\306\200\336\155\073\122\233\116\016\142\221\122\066\163\207\213\241\173\227}{section.4}% 38
\BOOKMARK [2][-]{subsection.4.3}{\376\377\0004\000.\0003\000\040\000G\000r\000a\000p\000h\000P\000a\000d\000\040\000P\000r\000i\000s\000m\000\040\0009\000.\0000\121\150\155\101\172\013\122\006\153\145\144\315\117\134\145\131\172\013}{section.4}% 39
\BOOKMARK [3][-]{subsubsection.4.3.1}{\376\377\0004\000.\0003\000.\0001\000\040\173\054\116\000\153\145\377\032\145\260\136\372\230\171\166\356\116\016\145\160\143\156\210\150\150\074}{subsection.4.3}% 40
\BOOKMARK [3][-]{subsubsection.4.3.2}{\376\377\0004\000.\0003\000.\0002\000\040\173\054\116\214\153\145\377\032\145\160\143\156\137\125\121\145\150\074\137\017}{subsection.4.3}% 41
\BOOKMARK [3][-]{subsubsection.4.3.3}{\376\377\0004\000.\0003\000.\0003\000\040\173\054\116\011\153\145\377\032\220\011\142\351\227\136\176\277\140\047\126\336\137\122\152\041\127\213}{subsection.4.3}% 42
\BOOKMARK [3][-]{subsubsection.4.3.4}{\376\377\0004\000.\0003\000.\0004\000\040\173\054\126\333\153\145\377\032\213\276\177\156\123\302\145\160\176\246\147\137\377\010\000C\000o\000n\000s\000t\000r\000a\000i\000n\000t\000s\377\011}{subsection.4.3}% 43
\BOOKMARK [3][-]{subsubsection.4.3.5}{\376\377\0004\000.\0003\000.\0005\000\040\173\054\116\224\153\145\377\032\213\373\123\326\000I\000C\0005\0000\176\323\147\234}{subsection.4.3}% 44
\BOOKMARK [3][-]{subsubsection.4.3.6}{\376\377\0004\000.\0003\000.\0006\000\040\173\054\121\155\153\145\377\032\126\376\210\150\150\074\137\017\123\026\116\016\116\011\145\366\225\364\160\271\154\107\140\073\153\324\217\203\126\376}{subsection.4.3}% 45
\BOOKMARK [2][-]{subsection.4.4}{\376\377\0004\000.\0004\000\040\000I\000C\0005\0000\176\323\147\234\147\011\145\110\140\047\122\044\133\232\150\007\121\306}{section.4}% 46
\BOOKMARK [2][-]{subsection.4.5}{\376\377\0004\000.\0005\000\040\176\337\213\241\133\146\122\006\147\220\116\016\142\245\124\112\211\304\203\003}{section.4}% 47
\BOOKMARK [2][-]{subsection.4.6}{\376\377\0004\000.\0006\000\040\147\054\172\340\144\315\117\134\145\366\225\364\154\107\140\073}{section.4}% 48
\BOOKMARK [1][-]{section.5}{\376\377\0005\000\040\173\054\0005\172\340\215\050\221\317\143\247\122\066\117\123\174\373\116\016\136\070\211\301\225\356\230\230\131\004\164\006}{}% 49
\BOOKMARK [2][-]{subsection.5.1}{\376\377\0005\000.\0001\000\040\116\224\127\337\215\050\221\317\143\247\122\066\176\242\176\277\117\123\174\373\151\202\217\360}{section.5}% 50
\BOOKMARK [2][-]{subsection.5.2}{\376\377\0005\000.\0002\000\040\127\337\000I\377\032\176\306\200\336\165\037\162\151\133\146\215\050\221\317\143\247\122\066}{section.5}% 51
\BOOKMARK [2][-]{subsection.5.3}{\376\377\0005\000.\0003\000\040\127\337\000I\000I\377\032\213\325\122\102\116\016\203\157\162\151\221\115\122\066\215\050\221\317\143\247\122\066}{section.5}% 52
\BOOKMARK [2][-]{subsection.5.4}{\376\377\0005\000.\0004\000\040\127\337\000I\000I\000I\377\032\0009\0006\133\124\147\177\144\315\117\134\215\050\221\317\143\247\122\066}{section.5}% 53
\BOOKMARK [2][-]{subsection.5.5}{\376\377\0005\000.\0005\000\040\127\337\000I\000V\377\032\000C\000C\000K\000-\0008\150\300\155\113\215\050\221\317\143\247\122\066}{section.5}% 54
\BOOKMARK [2][-]{subsection.5.6}{\376\377\0005\000.\0006\000\040\127\337\000V\377\032\145\160\143\156\122\006\147\220\215\050\221\317\143\247\122\066}{section.5}% 55
\BOOKMARK [3][-]{subsubsection.5.6.1}{\376\377\0005\000.\0006\000.\0001\000\040\232\330\000C\000V\166\204\0008\174\173\150\071\147\054\123\237\126\340\122\006\147\220}{subsection.5.6}% 56
\BOOKMARK [3][-]{subsubsection.5.6.2}{\376\377\0005\000.\0006\000.\0002\000\040\000S\137\142\146\362\176\277\142\337\124\010\131\061\215\045\166\204\131\004\164\006}{subsection.5.6}% 57
\BOOKMARK [2][-]{subsection.5.7}{\376\377\0005\000.\0007\000\040\133\236\232\214\145\340\145\110\123\026\150\007\121\306}{section.5}% 58
\BOOKMARK [2][-]{subsection.5.8}{\376\377\0005\000.\0008\000\040\165\037\162\151\133\211\121\150\116\016\136\237\137\003\162\151\131\004\177\156\211\304\203\003}{section.5}% 59
\BOOKMARK [2][-]{subsection.5.9}{\376\377\0005\000.\0009\000\040\215\050\221\317\143\247\122\066\150\070\147\345\140\073\156\005\123\125\377\010\000Q\000u\000i\000c\000k\000\040\000R\000e\000f\000e\000r\000e\000n\000c\000e\000\040\000C\000h\000e\000c\000k\000l\000i\000s\000t\377\011}{section.5}% 60
\BOOKMARK [2][-]{subsection.5.10}{\376\377\0005\000.\0001\0000\000\040\136\070\211\301\225\356\230\230\220\037\147\345\210\150\377\010\000F\000A\000Q\377\011}{section.5}% 61
\BOOKMARK [1][-]{appendix.A}{\376\377\000A\000\040\226\104\137\125\000A\377\032\0009\0006\133\124\147\177\224\372\147\177\143\222\136\003\211\304\203\003}{}% 62
\BOOKMARK [2][-]{subsection.A.1}{\376\377\000A\000.\0001\000\040\133\124\117\115\145\160\221\317\150\070\147\345}{appendix.A}% 63
\BOOKMARK [1][-]{appendix.B}{\376\377\000B\000\040\226\104\137\125\000B\377\032\203\157\162\151\150\257\136\246\172\000\221\312\213\241\173\227\171\072\117\213\210\150}{}% 64
\BOOKMARK [2][-]{subsection.B.1}{\376\377\000B\000.\0001\000\040\202\317\147\050\116\131\221\207\143\320\123\326\162\151\172\000\221\312\145\271\150\110\377\010\0001\0000\120\015\150\257\136\246\377\014\0006\116\052\155\123\136\246\160\271\377\011}{appendix.B}% 65
\BOOKMARK [1][-]{appendix.C}{\376\377\000C\000\040\226\104\137\125\000C\377\032\133\236\232\214\123\237\131\313\213\260\137\125\152\041\147\177}{}% 66
\BOOKMARK [2][-]{subsection.C.1}{\376\377\000C\000.\0001\000\040\000I\000C\0005\0000\213\241\173\227\176\323\147\234\213\260\137\125\210\150}{appendix.C}% 67
\BOOKMARK [1][-]{subsection.C.1}{\376\377\123\302\200\003\145\207\163\056}{}% 68
